1500 fights in 54.0s = 27.78 fights/s; finished 1.000; win 0.739 hp_lost_all 0.433; outcomes {np.float32(-1.0): np.int64(390), np.float32(1.0): np.int64(1108), np.float32(2.0): np.int64(1), np.float32(4.0): np.int64(1)}
  run               53.7s  99.5%
  launch net        50.6s  93.7%
  engine             2.9s   5.3%
  setup              0.2s   0.5%
  wait net           0.0s   0.0%
  root_decisions         38,766.0  per fight       25.8
  searched               38,739.0  per fight       25.8
  forced_root             6,385.0  per fight        4.3
  sim_steps           3,927,685.0  per fight     2618.5
  forced_sim            749,594.0  per fight      499.7
  policy_rows         2,317,657.0  per fight     1545.1
  value_rows            778,706.0  per fight      519.1
  forks                 899,200.0  per fight      599.5
  illegal                     0.0  per fight        0.0
  end_turn              778,706.0  per fight      519.1
  end_term              120,494.0  per fight       80.3
  end_cap                     0.0  per fight        0.0
  end_stuck                   0.0  per fight        0.0
  cycles                  2,739.0  per fight        1.8
  rows_per_cycle          1,130.3  per fight        0.8
