6000 fights in 46.6s = 128.75 fights/s; finished 1.000; win 0.739 hp_lost_all 0.432; outcomes {np.float32(-1.0): np.int64(1562), np.float32(1.0): np.int64(4432), np.float32(2.0): np.int64(5), np.float32(4.0): np.int64(1)}
  run               46.0s  98.6%
  wait net          32.1s  68.8%
  engine            11.7s  25.2%
  launch net         2.1s   4.6%
  warm               1.7s   3.7%
  setup              0.6s   1.3%
  root_decisions        155,338.0  per fight       25.9
  searched              155,220.0  per fight       25.9
  forced_root            25,771.0  per fight        4.3
  sim_steps          15,778,430.0  per fight     2629.7
  forced_sim          3,006,408.0  per fight      501.1
  policy_rows         9,323,848.0  per fight     1554.0
  value_rows          3,116,274.0  per fight      519.4
  forks               3,603,512.0  per fight      600.6
  illegal                     0.0  per fight        0.0
  end_turn            3,116,274.0  per fight      519.4
  end_term              487,238.0  per fight       81.2
  end_cap                     0.0  per fight        0.0
  end_stuck                   0.0  per fight        0.0
  cycles                  6,484.0  per fight        1.1
  rows_per_cycle          1,918.3  per fight        0.3
