12000 fights in 61.3s = 195.73 fights/s; finished 1.000; win 0.738 hp_lost_all 0.432; outcomes {np.float32(-1.0): np.int64(3140), np.float32(1.0): np.int64(8853), np.float32(2.0): np.int64(4), np.float32(4.0): np.int64(3)}
  run               60.6s  98.8%
  wait net          35.5s  57.9%
  engine            22.4s  36.6%
  launch net         2.6s   4.3%
  warm               1.7s   2.8%
  setup              0.7s   1.1%
  root_decisions        309,699.0  per fight       25.8
  searched              309,473.0  per fight       25.8
  forced_root            51,577.0  per fight        4.3
  sim_steps          31,319,137.0  per fight     2609.9
  forced_sim          5,965,888.0  per fight      497.2
  policy_rows        18,480,772.0  per fight     1540.1
  value_rows          6,236,392.0  per fight      519.7
  forks               7,182,176.0  per fight      598.5
  illegal                     0.0  per fight        0.0
  end_turn            6,236,392.0  per fight      519.7
  end_term              945,781.0  per fight       78.8
  end_cap                     3.0  per fight        0.0
  end_stuck                   0.0  per fight        0.0
  cycles                  5,011.0  per fight        0.4
  rows_per_cycle          4,932.2  per fight        0.4
