seed 0: H (1.1285714285714286, 1, 18)  L (1.1857142857142857, 1, 26)
seed 1: H (1.1285714285714286, 1, 18)  L (1.1214285714285714, 1, 17)
seed 2: H (1.1285714285714286, 1, 18)  L (1.1071428571428572, 1, 15)
seed 3: H (1.1357142857142857, 1, 19)  L (1.1357142857142857, 1, 19)
seed 4: H (1.1857142857142857, 1, 26)  L (1.1857142857142857, 1, 26)
seed 5: H (1.0285714285714285, 1, 4)  L (1.0214285714285714, 1, 3)
seed 6: H (1.1071428571428572, 1, 15)  L (1.1, 1, 14)
seed 7: H (1.1214285714285714, 1, 17)  L (1.1214285714285714, 1, 17)
seed 8: H (1.1285714285714286, 1, 18)  L (1.1357142857142857, 1, 19)
seed 9: H (1.05, 1, 7)  L (1.05, 1, 7)
seed 10: H (1.1214285714285714, 1, 17)  L (1.1214285714285714, 1, 17)
seed 11: H (1.1285714285714286, 1, 18)  L (1.1071428571428572, 1, 15)
seed 12: H (1.0714285714285714, 1, 10)  L (1.092857142857143, 1, 13)
seed 13: H (1.0857142857142856, 1, 12)  L (1.1357142857142857, 1, 19)
seed 14: H (1.1857142857142857, 1, 26)  L (1.1857142857142857, 1, 26)
seed 15: H (1.042857142857143, 1, 6)  L (1.1214285714285714, 1, 17)
seed 16: H (1.1214285714285714, 1, 17)  L (1.1714285714285715, 1, 24)
seed 17: H (1.0857142857142856, 1, 12)  L (1.1071428571428572, 1, 15)
seed 18: H (1.092857142857143, 1, 13)  L (1.1071428571428572, 1, 15)
seed 19: H (1.1071428571428572, 1, 15)  L (1.1071428571428572, 1, 15)
seed 20: H (1.1285714285714286, 1, 18)  L (1.1071428571428572, 1, 15)
seed 21: H (1.0857142857142856, 1, 12)  L (1.1, 1, 14)
seed 22: H (1.092857142857143, 1, 13)  L (1.1214285714285714, 1, 17)
seed 23: H (1.1285714285714286, 1, 18)  L (1.1357142857142857, 1, 19)
{"spec": "a_terror_eel.py", "i": 11, "where": "T3.3 p SV @5:57", "his": "play SURVIVOR #2", "live": "play STRIKE_SILENT #1 -> e0", "n": 24, "H_mean": 1.1092261904761906, "L_mean": 1.1202380952380953, "H_win": 1.0, "L_win": 1.0, "H_hp": 15.291666666666666, "L_hp": 16.833333333333332, "his_minus_live": -0.011011904761904787, "se": 0.005265418456236347}
seed 0: H (1.207142857142857, 1, 29)  L (1.1357142857142857, 1, 19)
seed 1: H (1.207142857142857, 1, 29)  L (1.1357142857142857, 1, 19)
seed 2: H (1.15, 1, 21)  L (1.1357142857142857, 1, 19)
seed 3: H (1.2, 1, 28)  L (1.1357142857142857, 1, 19)
seed 4: H (1.207142857142857, 1, 29)  L (1.1357142857142857, 1, 19)
seed 5: H (1.207142857142857, 1, 29)  L (1.1357142857142857, 1, 19)
seed 6: H (1.207142857142857, 1, 29)  L (1.1357142857142857, 1, 19)
seed 7: H (1.207142857142857, 1, 29)  L (1.1357142857142857, 1, 19)
seed 8: H (1.207142857142857, 1, 29)  L (1.1357142857142857, 1, 19)
seed 9: H (1.1928571428571428, 1, 27)  L (1.1357142857142857, 1, 19)
seed 10: H (1.207142857142857, 1, 29)  L (1.1357142857142857, 1, 19)
seed 11: H (1.15, 1, 21)  L (1.1357142857142857, 1, 19)
seed 12: H (1.207142857142857, 1, 29)  L (1.1357142857142857, 1, 19)
seed 13: H (1.207142857142857, 1, 29)  L (1.1357142857142857, 1, 19)
seed 14: H (1.1928571428571428, 1, 27)  L (1.1357142857142857, 1, 19)
seed 15: H (1.207142857142857, 1, 29)  L (1.1357142857142857, 1, 19)
{"spec": "d_gardeners.py", "i": 1, "where": "T1.2 p D* @11:40", "his": "play DEFEND_SILENT #5", "live": "play OUTBREAK #2", "n": 16, "H_mean": 1.197767857142857, "L_mean": 1.1357142857142857, "H_win": 1.0, "L_win": 1.0, "H_hp": 27.6875, "L_hp": 19.0, "his_minus_live": 0.0620535714285714, "se": 0.004823357198037894}
live agrees with him at this decision; nothing to compare
seed 0: H (1.0857142857142856, 1, 12)  L (1.0857142857142856, 1, 12)
seed 1: H (1.1785714285714286, 1, 25)  L (1.1785714285714286, 1, 25)
seed 2: H (1.1857142857142857, 1, 26)  L (1.1857142857142857, 1, 26)
seed 3: H (1.1214285714285714, 1, 17)  L (1.1214285714285714, 1, 17)
seed 4: H (1.0142857142857142, 1, 2)  L (1.0142857142857142, 1, 2)
seed 5: H (1.2285714285714286, 1, 32)  L (1.15, 1, 21)
seed 6: H (1.2428571428571429, 1, 34)  L (1.2428571428571429, 1, 34)
seed 7: H (1.2285714285714286, 1, 32)  L (1.2285714285714286, 1, 32)
seed 8: H (1.1214285714285714, 1, 17)  L (1.1214285714285714, 1, 17)
seed 9: H (-1.0, -1, 0)  L (-1.0, -1, 0)
seed 10: H (1.1428571428571428, 1, 20)  L (-1.0, -1, 0)
seed 11: H (1.1, 1, 14)  L (1.1, 1, 14)
{"spec": "e_lagavulin.py", "i": 0, "where": "T1.1 p NF @14:37", "his": "play NOXIOUS_FUMES #4", "live": "play DAGGER_SPRAY #6", "n": 12, "H_mean": 0.9708333333333332, "L_mean": 0.7857142857142857, "H_win": 0.9166666666666666, "L_win": 0.8333333333333334, "H_hp": 19.25, "L_hp": 16.666666666666668, "his_minus_live": 0.18511904761904763, "se": 0.17809559619266266}
