
17 T4.1 p N @9:31: 570 lines, 227 distinct end-of-turn states, 4s; his class ('play', 'NEUTRALIZE', 0, 'null', 0)
  +1.0643 (vs his +0.0000 +- 0.0000)  play STRIKE_SILENT #5 -> e0 > play HIDDEN_DAGGERS #4 > pick 3 (STRIKE_SILENT) > pick 2 (NEUTRALIZE) > play SHIV #3 -> e0 > play SHIV #2 -> e0 > play SNAKEBITE #0 -> e0
  +1.0643 (vs his +0.0000 +- 0.0000)  play HIDDEN_DAGGERS #4 > pick 4 (STRIKE_SILENT) > pick 2 (NEUTRALIZE) > play SHIV #4 -> e0 > play SHIV #3 -> e0 > play STRIKE_SILENT #2 -> e0 > play SNAKEBITE #0 -> e0
  +1.0643 (vs his +0.0000 +- 0.0000)  play NEUTRALIZE #2 -> e0 > play STRIKE_SILENT #4 -> e0 > play HIDDEN_DAGGERS #3 > pick 2 (STRIKE_SILENT) > pick 1 (DEFEND_SILENT) > play SHIV #2 -> e0 > play SHIV #1 -> e0 > play SNAKEBITE #0 -> e0 <- his
  +1.0643 (vs his +0.0000 +- 0.0000)  play SNAKEBITE #0 -> e0 > play STRIKE_SILENT #4 -> e0 > play HIDDEN_DAGGERS #3 > pick 2 (STRIKE_SILENT) > pick 1 (NEUTRALIZE) > play SHIV #2 -> e0 > play SHIV #1 -> e0
  -1.0000 (vs his -2.0643 +- 0.0000)  end turn
  -1.0000 (vs his -2.0643 +- 0.0000)  play DEFEND_SILENT #1

18 T4.2 p HD @9:48: 141 lines, 65 distinct end-of-turn states, 1s; his class ('play', 'HIDDEN_DAGGERS', 0, 'null', None)
  +1.0643 (vs his +0.0000 +- 0.0000)  play STRIKE_SILENT #4 -> e0 > play HIDDEN_DAGGERS #3 > pick 2 (STRIKE_SILENT) > pick 1 (DEFEND_SILENT) > play SHIV #2 -> e0 > play SHIV #1 -> e0 > play SNAKEBITE #0 -> e0
  +1.0643 (vs his +0.0000 +- 0.0000)  play HIDDEN_DAGGERS #3 > pick 3 (STRIKE_SILENT) > pick 1 (DEFEND_SILENT) > play SHIV #3 -> e0 > play SHIV #2 -> e0 > play STRIKE_SILENT #1 -> e0 > play SNAKEBITE #0 -> e0 <- his
  +1.0643 (vs his +0.0000 +- 0.0000)  play SNAKEBITE #0 -> e0 > play STRIKE_SILENT #3 -> e0 > play HIDDEN_DAGGERS #2 > play SHIV #1 -> e0 > play SHIV #0 -> e0
  -1.0000 (vs his -2.0643 +- 0.0000)  end turn
  -1.0000 (vs his -2.0643 +- 0.0000)  play DEFEND_SILENT #1

1 T1.2 p HD @8:50: 117 lines, 59 distinct end-of-turn states, 10s; his class ('play', 'HIDDEN_DAGGERS', 0, 'null', None)
  +0.0519 (vs his +0.0000 +- 0.0000)  play HIDDEN_DAGGERS #5 > pick 4 (STRIKE_SILENT) > pick 3 (STRIKE_SILENT) > play SHIV #4 -> e0 > play SHIV #3 -> e0 > play SURVIVOR #2 > pick 1 (STRIKE_SILENT) <- his
  +0.0519 (vs his +0.0000 +- 0.0000)  play SURVIVOR #2 > pick 3 (STRIKE_SILENT) > play HIDDEN_DAGGERS #3 > pick 2 (STRIKE_SILENT) > pick 1 (STRIKE_SILENT) > play SHIV #2 -> e0 > play SHIV #1 -> e0
  -0.4457 (vs his -0.4976 +- 0.0879)  play STRIKE_SILENT #4 -> e0 > play HIDDEN_DAGGERS #4 > pick 3 (STRIKE_SILENT) > pick 2 (SURVIVOR) > play SHIV #3 -> e0 > play SHIV #2 -> e0
  -0.4457 (vs his -0.4976 +- 0.0879)  play STRANGLE #0 -> e0 > play HIDDEN_DAGGERS #4 > pick 3 (STRIKE_SILENT) > pick 2 (STRIKE_SILENT) > play SHIV #3 -> e0 > play SHIV #2 -> e0
  -0.4482 (vs his -0.5001 +- 0.0875)  end turn

11 T3.3 p SV @5:57: 13 lines, 13 distinct end-of-turn states, 7s; his class ('play', 'SURVIVOR', 0, 'null', None)
  +1.1462 (vs his +0.0132 +- 0.0232)  play STRIKE_SILENT #1 -> e0 > play HIDDEN_DAGGERS #0 > play SHIV #1 -> e0 > play SHIV #0 -> e0
  +1.1330 (vs his +0.0000 +- 0.0000)  play SURVIVOR #2 > pick 1 (STRIKE_SILENT) > play HIDDEN_DAGGERS #0 > play SHIV #1 -> e0 > play SHIV #0 -> e0 <- his
  +0.9393 (vs his -0.1937 +- 0.0465)  play HIDDEN_DAGGERS #0 > play SHIV #1 -> e0 > play SHIV #0 -> e0
  +0.6654 (vs his -0.4676 +- 0.0617)  end turn

5 T2.1 p SB @5:36: 192 lines, 70 distinct end-of-turn states, 38s; his class ('play', 'SNAKEBITE', 0, 'null', 0)
  +1.0506 (vs his +0.0139 +- 0.0233)  play STRIKE_SILENT #7 -> e0 > play STRIKE_SILENT #6 -> e0 > play SURVIVOR #1 > pick 4 (DEFEND_SILENT)
  +1.0367 (vs his +0.0000 +- 0.0000)  play SNAKEBITE #2 -> e0 > play SURVIVOR #1 > pick 1 (CLUMSY) <- his
  +1.0367 (vs his +0.0000 +- 0.0000)  play SURVIVOR #1 > pick 2 (CLUMSY) > play SNAKEBITE #1 -> e0
  +0.9831 (vs his -0.0537 +- 0.0194)  play DEFEND_SILENT #5 > play STRIKE_SILENT #6 -> e0 > play SURVIVOR #1 > pick 4 (STRIKE_SILENT)
  +0.0492 (vs his -0.9876 +- 0.0428)  end turn

16 T4.1 p S @13:32: 158 lines, 70 distinct end-of-turn states, 18s; his class ('play', 'STRIKE_SILENT', 0, 'null', 2)
  +1.2036 (vs his +0.0036 +- 0.0013)  play DEFEND_SILENT #4 > play DEFLECT #3 > play DAGGER_SPRAY #0 > play STRIKE_SILENT #1 -> e1
  +1.2035 (vs his +0.0035 +- 0.0013)  play DEFEND_SILENT #1 > play DEFLECT #2 > play DAGGER_SPRAY #0 > play STRIKE_SILENT #0 -> e1
  +1.2035 (vs his +0.0035 +- 0.0013)  play DEFLECT #3 > play DEFEND_SILENT #1 > play DAGGER_SPRAY #0 > play STRIKE_SILENT #0 -> e1
  +1.2035 (vs his +0.0035 +- 0.0013)  play DAGGER_SPRAY #0 > play DEFLECT #2 > play STRIKE_SILENT #1 -> e1 > play DEFEND_SILENT #0
  +1.2000 (vs his +0.0000 +- 0.0000)  play STRIKE_SILENT #2 -> e2 > play DEFEND_SILENT #3 > play DEFLECT #2 > play DAGGER_SPRAY #0 <- his
  +1.2000 (vs his +0.0000 +- 0.0000)  play STRIKE_SILENT #2 -> e1 > play DEFEND_SILENT #3 > play DEFLECT #2 > play DAGGER_SPRAY #0
  +1.2000 (vs his +0.0000 +- 0.0000)  play STRIKE_SILENT #2 -> e0 > play DEFEND_SILENT #3 > play DEFLECT #2 > play DAGGER_SPRAY #0
  -1.0000 (vs his -2.2000 +- 0.0000)  end turn

1 T1.2 p D* @11:40: 2651 lines, 1202 distinct end-of-turn states, 403s; his class ('play', 'DEFEND_SILENT', 0, '{"amount": 1, "id": "SPIRAL"}', None)
  +1.1758 (vs his +0.0012 +- 0.0011)  play HIDDEN_DAGGERS #0 > pick 3 (ASCENDERS_BANE) > pick 2 (DEFEND_SILENT) > play SHIV #4 -> e3 > play SHIV #3 -> e2 > play DEFEND_SILENT #2 > play SNAKEBITE #0 -> e3
  +1.1746 (vs his +0.0001 +- 0.0002)  play SNAKEBITE #1 -> e3 > play DEFEND_SILENT #4 > play HIDDEN_DAGGERS #0 > pick 2 (ASCENDERS_BANE) > pick 1 (DEFEND_SILENT) > play SHIV #2 -> e3 > play SHIV #1 -> e2
  +1.1745 (vs his +0.0000 +- 0.0000)  play DEFEND_SILENT #5 > play SNAKEBITE #1 -> e3 > play HIDDEN_DAGGERS #0 > pick 2 (ASCENDERS_BANE) > pick 1 (DEFEND_SILENT) > play SHIV #2 -> e3 > play SHIV #1 -> e2 <- his
  +1.1627 (vs his -0.0119 +- 0.0089)  play SNAKEBITE #1 -> e0 > play DEFEND_SILENT #4 > play HIDDEN_DAGGERS #0 > pick 2 (ASCENDERS_BANE) > pick 0 (OUTBREAK) > play SHIV #2 -> e3 > play SHIV #1 -> e1
  +1.1358 (vs his -0.0387 +- 0.0181)  play OUTBREAK #2 > play HIDDEN_DAGGERS #0 > pick 3 (DEFEND_SILENT) > pick 1 (DEFEND_SILENT) > play SHIV #3 -> e3
  +1.1327 (vs his -0.0418 +- 0.0079)  play SNAKEBITE #1 -> e2 > play DEFEND_SILENT #4 > play HIDDEN_DAGGERS #0 > pick 2 (ASCENDERS_BANE) > pick 1 (DEFEND_SILENT) > play SHIV #2 -> e3 > play SHIV #1 -> e2
  +1.1285 (vs his -0.0461 +- 0.0055)  play DEFEND_SILENT #3 > play SNAKEBITE #1 -> e3 > play HIDDEN_DAGGERS #0 > pick 2 (DEFEND_SILENT) > pick 1 (ASCENDERS_BANE) > play SHIV #2 -> e3 > play SHIV #1 -> e1
  +1.1085 (vs his -0.0661 +- 0.0377)  play SNAKEBITE #1 -> e1 > play DEFEND_SILENT #4 > play HIDDEN_DAGGERS #0 > pick 2 (ASCENDERS_BANE) > pick 1 (DEFEND_SILENT) > play SHIV #2 -> e3 > play SHIV #1 -> e1
  +0.7277 (vs his -0.4468 +- 0.0711)  end turn

1 T1.2 p N @14:38: 67 lines, 32 distinct end-of-turn states, 24s; his class ('play', 'NEUTRALIZE', 0, 'null', 0)
  +1.1951 (vs his +0.0000 +- 0.0000)  play NEUTRALIZE #2 -> e0 > play DEFEND_SILENT #1 <- his
  +1.1951 (vs his +0.0000 +- 0.0000)  play DEFEND_SILENT #1 > play NEUTRALIZE #1 -> e0
  +1.1939 (vs his -0.0012 +- 0.0012)  play DEFEND_SILENT #3 > play NEUTRALIZE #2 -> e0
  +1.1933 (vs his -0.0018 +- 0.0003)  end turn
  +1.0348 (vs his -0.1603 +- 0.0503)  play STRIKE_SILENT #0 -> e0 > play DAGGER_SPRAY #4 > play NEUTRALIZE #1 -> e0
  +1.0344 (vs his -0.1607 +- 0.0506)  play DAGGER_SPRAY #5 > play NEUTRALIZE #2 -> e0 > play STRIKE_SILENT #0 -> e0

0 T1.1 p NF @14:37: 235 lines, 84 distinct end-of-turn states, 47s; his class ('play', 'NOXIOUS_FUMES', 0, 'null', None)
  +1.1951 (vs his +0.0000 +- 0.0000)  play NOXIOUS_FUMES #4 > play NEUTRALIZE #2 -> e0 > play DEFEND_SILENT #1 <- his
  +1.1951 (vs his +0.0000 +- 0.0000)  play NEUTRALIZE #2 -> e0 > play NOXIOUS_FUMES #3 > play DEFEND_SILENT #1
  +1.1951 (vs his +0.0000 +- 0.0000)  play DEFEND_SILENT #1 > play NOXIOUS_FUMES #3 > play NEUTRALIZE #1 -> e0
  +1.1939 (vs his -0.0012 +- 0.0012)  play DEFEND_SILENT #3 > play NOXIOUS_FUMES #3 > play NEUTRALIZE #2 -> e0
  +1.0348 (vs his -0.1603 +- 0.0503)  play STRIKE_SILENT #0 -> e0 > play DAGGER_SPRAY #5 > play NOXIOUS_FUMES #3 > play NEUTRALIZE #1 -> e0
  +1.0344 (vs his -0.1607 +- 0.0506)  play DAGGER_SPRAY #6 > play NOXIOUS_FUMES #4 > play NEUTRALIZE #2 -> e0 > play STRIKE_SILENT #0 -> e0
  +0.9771 (vs his -0.2180 +- 0.0261)  end turn

3 T2.1 p SB+ @14:49: 38 lines, 22 distinct end-of-turn states, 16s; his class ('play', 'SNAKEBITE', 1, 'null', 0)
  +1.1823 (vs his +0.0000 +- 0.0000)  play SNAKEBITE #4 -> e0 > play STRIKE_SILENT #3 -> e0 <- his
  +1.1823 (vs his +0.0000 +- 0.0000)  play STRIKE_SILENT #3 -> e0 > play SNAKEBITE #3 -> e0
  +1.1790 (vs his -0.0033 +- 0.0024)  play SURVIVOR #1 > pick 0 (DEFEND_SILENT) > play SNAKEBITE #2 -> e0
  +1.1778 (vs his -0.0046 +- 0.0012)  play DEFEND_SILENT #0 > play SNAKEBITE #3 -> e0
  +1.0573 (vs his -0.1251 +- 0.0198)  end turn

7 T2.1 p ST @7:49: 991 lines, 522 distinct end-of-turn states, 160s; his class ('play', 'STRANGLE', 0, 'null', 0)
  +1.1349 (vs his +0.0170 +- 0.0036)  play SURVIVOR #7 > pick 4 (STRIKE_SILENT) > play DAGGER_SPRAY #5 > play NEUTRALIZE #4 -> e0 > play DEFEND_SILENT #1
  +1.1349 (vs his +0.0170 +- 0.0036)  play DAGGER_SPRAY #6 > play SURVIVOR #6 > pick 4 (STRIKE_SILENT) > play NEUTRALIZE #4 -> e0 > play DEFEND_SILENT #1
  +1.1349 (vs his +0.0170 +- 0.0036)  play DEFEND_SILENT #1 > play SURVIVOR #6 > pick 3 (STRIKE_SILENT) > play DAGGER_SPRAY #4 > play NEUTRALIZE #3 -> e0
  +1.1326 (vs his +0.0147 +- 0.0036)  play NEUTRALIZE #5 -> e0 > play SURVIVOR #6 > pick 4 (STRIKE_SILENT) > play DAGGER_SPRAY #4 > play DEFEND_SILENT #1
  +1.1228 (vs his +0.0049 +- 0.0038)  play STRIKE_SILENT #4 -> e0 > play DAGGER_SPRAY #5 > play STRANGLE #3 -> e0 > play NEUTRALIZE #3 -> e0
  +1.1179 (vs his +0.0000 +- 0.0000)  play STRANGLE #3 -> e0 > play SURVIVOR #6 > pick 5 (DAGGER_SPRAY) > play NEUTRALIZE #4 -> e0 > play DEFEND_SILENT #1 <- his
  +1.0702 (vs his -0.0478 +- 0.0328)  play SNAKEBITE #0 -> e0 > play SURVIVOR #6 > pick 5 (DAGGER_SPRAY) > play NEUTRALIZE #4 -> e0
  -0.6331 (vs his -1.7510 +- 0.1015)  end turn

8 T2.2 p N @7:51: 147 lines, 63 distinct end-of-turn states, 24s; his class ('play', 'NEUTRALIZE', 0, 'null', 0)
  +1.1228 (vs his +0.0049 +- 0.0038)  play STRIKE_SILENT #3 -> e0 > play DAGGER_SPRAY #4
  +1.1228 (vs his +0.0049 +- 0.0038)  play DAGGER_SPRAY #5 > play SURVIVOR #5 > pick 5 (ASCENDERS_BANE) > play NEUTRALIZE #4 -> e0
  +1.1179 (vs his +0.0000 +- 0.0000)  play SURVIVOR #6 > pick 5 (DAGGER_SPRAY) > play NEUTRALIZE #4 -> e0 > play DEFEND_SILENT #1
  +1.1179 (vs his +0.0000 +- 0.0000)  play NEUTRALIZE #4 -> e0 > play SURVIVOR #5 > pick 4 (DAGGER_SPRAY) > play DEFEND_SILENT #1 <- his
  +1.1179 (vs his +0.0000 +- 0.0000)  play DEFEND_SILENT #1 > play SURVIVOR #5 > pick 4 (DAGGER_SPRAY) > play NEUTRALIZE #3 -> e0
  +1.0571 (vs his -0.0608 +- 0.0034)  play SNAKEBITE #0 -> e0 > play NEUTRALIZE #3 -> e0
  +0.2125 (vs his -0.9054 +- 0.0976)  end turn

9 T2.3 p DS+ @7:52: 53 lines, 29 distinct end-of-turn states, 13s; his class ('play', 'DAGGER_SPRAY', 1, '{"amount": 1, "id": "GLAM"}', None)
  +1.1228 (vs his +0.0000 +- 0.0000)  play DAGGER_SPRAY #4 > play SURVIVOR #4 > pick 4 (ASCENDERS_BANE) <- his
  +1.1214 (vs his -0.0014 +- 0.0006)  play STRIKE_SILENT #3 -> e0 > play DAGGER_SPRAY #3
  +1.1179 (vs his -0.0049 +- 0.0038)  play SURVIVOR #5 > pick 4 (DAGGER_SPRAY) > play DEFEND_SILENT #1
  +1.1179 (vs his -0.0049 +- 0.0038)  play DEFEND_SILENT #1 > play SURVIVOR #4 > pick 3 (DAGGER_SPRAY)
  +1.0571 (vs his -0.0657 +- 0.0007)  play SNAKEBITE #0 -> e0
  +0.8170 (vs his -0.3059 +- 0.0728)  end turn
