[03:21:45] round 1: mining with models/solver_b128.pt (4 procs x 6 chunks x 500 fights) on target/train/mine_mix.json
[05:04:59] mined: 217566 searched decisions; 
217566 searched decisions; 53549 with an option spread >= 0.05
6199 confirmed disagreements added (weight 3.0)
holdout before: policy agrees with the search's best option 0.610, value mse 0.1523
epoch 0: policy 1.399 value 0.0617 kl-to-old 0.1959 | holdout agrees 0.513, value mse 0.1612  (17s)
epoch 1: policy 1.442 value 0.0428 kl-to-old 0.2043 | holdout agrees 0.505, value mse 0.1560  (34s)
epoch 2: policy 1.137 value 0.0721 kl-to-old 0.2170 | holdout agrees 0.502, value mse 0.1476  (51s)
saved models/solver_s1.pt
[05:05:57] greedy eval of models/solver_b128.pt
ckpt:models/solver_b128.pt {"episodes": 3144, "win": 0.6642266072565245, "hp_lost_all": 0.5380230468409142, "hp_lost_on_win": 0.44329820666863806, "st
ckpt:models/solver_b128.pt {"episodes": 1500, "win": 0.6546666666666666, "hp_lost_all": 0.4236126657128334, "hp_lost_on_win": 0.2636817311014517, "sta
[05:06:25] greedy eval of models/solver_s1.pt
ckpt:models/solver_s1.pt {"episodes": 3144, "win": 0.6555343511450382, "hp_lost_all": 0.5425903200060508, "hp_lost_on_win": 0.44413033785720524, "stal
ckpt:models/solver_s1.pt {"episodes": 1500, "win": 0.6562082777036048, "hp_lost_all": 0.4274510047305251, "hp_lost_on_win": 0.27171291175960643, "stal
[05:07:09] search eval of models/solver_b128.pt (mid set, 300 paired fights)
greedy policy: win 0.640 hp_lost_all 0.550
M=5 K=8 pmin=0 force=0 margin=0 greedy_roll=0 full=0 conf=1.01: win 0.793 hp_lost_all 0.459 stall 0.000  73s (0.24s/fight)
[05:08:28] search eval of models/solver_s1.pt (mid set, 300 paired fights)
greedy policy: win 0.657 hp_lost_all 0.550
M=5 K=8 pmin=0 force=0 margin=0 greedy_roll=0 full=0 conf=1.01: win 0.790 hp_lost_all 0.483 stall 0.007  428s (1.43s/fight)
[05:15:43] DISTILL_DONE 1
