15000 fights in 27.5s = 545.64 fights/s; finished 1.000; win 0.735 hp_lost_all 0.437; outcomes {np.float32(-1.0): np.int64(3969), np.float32(1.0): np.int64(11027), np.float32(2.0): np.int64(1), np.float32(4.0): np.int64(3)}
  warm              36.6s 133.0%
  run               26.6s  96.7%
  engine            21.1s  76.7%
  wait net           3.7s  13.4%
  launch net         1.8s   6.6%
  setup              0.9s   3.2%
  root_decisions        386,945.0  per fight       25.8
  searched              386,649.0  per fight       25.8
  forced_root            65,132.0  per fight        4.3
  sim_steps          22,383,927.0  per fight     1492.3
  forced_sim          3,299,389.0  per fight      220.0
  policy_rows        11,486,388.0  per fight      765.8
  value_rows          6,302,872.0  per fight      420.2
  forks               7,985,095.0  per fight      532.3
  illegal                     0.0  per fight        0.0
  panics                      0.0  per fight        0.0
  end_turn            6,302,872.0  per fight      420.2
  end_term              797,714.0  per fight       53.2
  end_cap                     0.0  per fight        0.0
  end_stuck                   0.0  per fight        0.0
  lead_branch           884,509.0  per fight       59.0
  lead_clean             24,514.0  per fight        1.6
  carried               213,082.0  per fight       14.2
  lead_prefix_steps    1,467,077.0  per fight       97.8
  lead_first_unclean      293,647.0  per fight       19.6
  cy_step          271,171,109,185.0  per fight 18078073.9
  cy_legal         27,060,076,523.0  per fight  1804005.1
  cy_obs           300,188,421,698.0  per fight 20012561.4
  cy_fork          23,677,154,146.0  per fight  1578476.9
  cy_main          7,745,273,320.0  per fight   516351.6
  cy_endturn       133,683,361,085.0  per fight  8912224.1
  n_endturn           7,096,755.0  per fight      473.1
  cycles                  3,402.0  per fight        0.2
  rows_per_cycle          5,228.5  per fight        0.3
  GPU pol dec=True      8.7s     3400 replays     3378 rows/replay   2.54 ms/replay  0.75 us/row
  GPU val dec=True      8.6s     2733 replays     2306 rows/replay   3.14 ms/replay  1.36 us/row
  GPU total 17.2s of 27.5s
