12000 fights in 23.3s = 513.96 fights/s; finished 1.000; win 0.738 hp_lost_all 0.436; outcomes {np.float32(-1.0): np.int64(3134), np.float32(1.0): np.int64(8858), np.float32(2.0): np.int64(4), np.float32(4.0): np.int64(4)}
  warm              42.4s 181.6%
  run               22.6s  96.7%
  engine            16.1s  68.8%
  launch net         3.7s  15.8%
  wait net           2.8s  12.0%
  setup              0.8s   3.3%
  root_decisions        309,777.0  per fight       25.8
  searched              309,536.0  per fight       25.8
  forced_root            51,636.0  per fight        4.3
  sim_steps          21,472,616.0  per fight     1789.4
  forced_sim          3,189,392.0  per fight      265.8
  policy_rows        10,707,829.0  per fight      892.3
  value_rows          6,245,699.0  per fight      520.5
  forks               7,885,172.0  per fight      657.1
  illegal                     0.0  per fight        0.0
  end_turn            6,245,699.0  per fight      520.5
  end_term              766,138.0  per fight       63.8
  end_cap                     0.0  per fight        0.0
  end_stuck                   0.0  per fight        0.0
  end_depth                   0.0  per fight        0.0
  lead_branch           873,335.0  per fight       72.8
  lead_clean             25,157.0  per fight        2.1
  lead_prefix_steps    1,446,244.0  per fight      120.5
  lead_first_unclean      274,358.0  per fight       22.9
  cy_step          171,885,950,496.0  per fight 14323829.2
  cy_legal         15,464,713,967.0  per fight  1288726.2
  cy_obs           196,315,264,151.0  per fight 16359605.3
  cy_fork          11,963,591,601.0  per fight   996966.0
  cy_main          3,992,032,120.0  per fight   332669.3
  cycles                  4,427.0  per fight        0.4
  rows_per_cycle          3,829.1  per fight        0.3
  GPU pol dec=False     5.7s     3882 replays     2414 rows/replay   1.48 ms/replay  0.61 us/row
  GPU pol dec=True      2.5s     3972 replays      337 rows/replay   0.64 ms/replay  1.89 us/row
  GPU val dec=False     5.6s     2445 replays     2263 rows/replay   2.30 ms/replay  1.02 us/row
  GPU val dec=True      3.3s     2458 replays      290 rows/replay   1.33 ms/replay  4.60 us/row
  GPU total 17.2s of 23.3s
