12000 fights in 54.3s = 221.17 fights/s; finished 1.000; win 0.739 hp_lost_all 0.432; outcomes {np.float32(-1.0): np.int64(3124), np.float32(1.0): np.int64(8871), np.float32(2.0): np.int64(5)}
  run               53.5s  98.6%
  wait net          25.4s  46.9%
  engine            25.2s  46.5%
  launch net         2.8s   5.2%
  warm               1.7s   3.2%
  setup              0.7s   1.4%
  root_decisions        310,743.0  per fight       25.9
  searched              310,503.0  per fight       25.9
  forced_root            51,776.0  per fight        4.3
  sim_steps          31,476,587.0  per fight     2623.0
  forced_sim          5,992,306.0  per fight      499.4
  policy_rows        18,588,688.0  per fight     1549.1
  value_rows          6,253,521.0  per fight      521.1
  forks               7,206,336.0  per fight      600.5
  illegal                     0.0  per fight        0.0
  end_turn            6,253,521.0  per fight      521.1
  end_term              952,815.0  per fight       79.4
  end_cap                     0.0  per fight        0.0
  end_stuck                   0.0  per fight        0.0
  end_depth                   0.0  per fight        0.0
  cy_step          282,852,107,186.0  per fight 23571008.9
  cy_legal         33,169,963,010.0  per fight  2764163.6
  cy_obs           354,255,320,379.0  per fight 29521276.7
  cy_fork          55,245,322,205.0  per fight  4603776.9
  cy_main          5,263,216,351.0  per fight   438601.4
  cycles                  4,325.0  per fight        0.4
  rows_per_cycle          5,743.4  per fight        0.5
