12000 fights in 34.5s = 347.83 fights/s; finished 1.000; win 0.739 hp_lost_all 0.433; outcomes {np.float32(-1.0): np.int64(3120), np.float32(1.0): np.int64(8872), np.float32(2.0): np.int64(6), np.float32(4.0): np.int64(2)}
  warm             175.9s 509.7%
  run               33.7s  97.8%
  engine            20.5s  59.4%
  wait net           8.8s  25.4%
  launch net         4.5s  12.9%
  setup              0.7s   2.2%
  root_decisions        310,530.0  per fight       25.9
  searched              310,300.0  per fight       25.9
  forced_root            51,691.0  per fight        4.3
  sim_steps          31,447,731.0  per fight     2620.6
  forced_sim          5,970,800.0  per fight      497.6
  policy_rows        18,585,741.0  per fight     1548.8
  value_rows          6,235,491.0  per fight      519.6
  forks               7,201,720.0  per fight      600.1
  illegal                     0.0  per fight        0.0
  end_turn            6,235,491.0  per fight      519.6
  end_term              966,229.0  per fight       80.5
  end_cap                     0.0  per fight        0.0
  end_stuck                   0.0  per fight        0.0
  end_depth                   0.0  per fight        0.0
  cy_step          217,958,910,531.0  per fight 18163242.5
  cy_legal         25,663,195,785.0  per fight  2138599.6
  cy_obs           274,636,511,586.0  per fight 22886376.0
  cy_fork          47,234,103,630.0  per fight  3936175.3
  cy_main          4,056,725,987.0  per fight   338060.5
  cycles                  6,507.0  per fight        0.5
  rows_per_cycle          3,814.2  per fight        0.3
  GPU pol dec=False    11.7s     5732 replays     2896 rows/replay   2.05 ms/replay  0.71 us/row
  GPU pol dec=True      5.0s     5759 replays      345 rows/replay   0.87 ms/replay  2.53 us/row
  GPU val dec=False     5.6s     2396 replays     2304 rows/replay   2.33 ms/replay  1.01 us/row
  GPU val dec=True      3.4s     2525 replays      283 rows/replay   1.33 ms/replay  4.69 us/row
  GPU total 25.7s of 34.5s
