12000 fights in 37.1s = 323.09 fights/s; finished 1.000; win 0.738 hp_lost_all 0.437; outcomes {np.float32(-1.0): np.int64(3146), np.float32(1.0): np.int64(8851), np.float32(4.0): np.int64(3)}
  run               36.9s  99.4%
  warm              29.7s  80.0%
  engine            24.2s  65.2%
  wait net           6.7s  18.0%
  launch net         6.0s  16.1%
  setup              0.2s   0.6%
  root_decisions        308,955.0  per fight       25.7
  searched              308,714.0  per fight       25.7
  forced_root            51,996.0  per fight        4.3
  sim_steps          21,362,857.0  per fight     1780.2
  forced_sim          3,160,134.0  per fight      263.3
  policy_rows        10,633,832.0  per fight      886.2
  value_rows          6,260,628.0  per fight      521.7
  forks               7,877,846.0  per fight      656.5
  illegal                     0.0  per fight        0.0
  panics                      0.0  per fight        0.0
  end_turn            6,260,628.0  per fight      521.7
  end_term              744,471.0  per fight       62.0
  end_cap                     0.0  per fight        0.0
  end_stuck                   0.0  per fight        0.0
  lead_branch           872,747.0  per fight       72.7
  lead_clean             23,123.0  per fight        1.9
  lead_prefix_steps    1,443,830.0  per fight      120.3
  lead_first_unclean      272,993.0  per fight       22.7
  cy_step          196,319,707,361.0  per fight 16359975.6
  cy_legal         16,872,824,286.0  per fight  1406068.7
  cy_obs           217,175,184,508.0  per fight 18097932.0
  cy_fork          13,667,834,112.0  per fight  1138986.2
  cy_main          4,720,622,842.0  per fight   393385.2
  cy_endturn       110,615,621,232.0  per fight  9217968.4
  n_endturn           7,037,640.0  per fight      586.5
  cycles                 13,608.0  per fight        1.1
  rows_per_cycle          1,241.5  per fight        0.1
12000 fights in 37.7s = 318.51 fights/s; finished 1.000; win 0.736 hp_lost_all 0.437; outcomes {np.float32(-1.0): np.int64(3158), np.float32(1.0): np.int64(8833), np.float32(2.0): np.int64(6), np.float32(4.0): np.int64(3)}
  run               37.4s  99.4%
  warm              29.7s  78.9%
  engine            23.3s  61.8%
  wait net           8.5s  22.7%
  launch net         5.6s  14.8%
  setup              0.2s   0.6%
  root_decisions        310,157.0  per fight       25.8
  searched              309,900.0  per fight       25.8
  forced_root            52,074.0  per fight        4.3
  sim_steps          21,418,053.0  per fight     1784.8
  forced_sim          3,188,127.0  per fight      265.7
  policy_rows        10,647,954.0  per fight      887.3
  value_rows          6,255,770.0  per fight      521.3
  forks               7,892,129.0  per fight      657.7
  illegal                     0.0  per fight        0.0
  panics                      0.0  per fight        0.0
  end_turn            6,255,770.0  per fight      521.3
  end_term              762,281.0  per fight       63.5
  end_cap                     0.0  per fight        0.0
  end_stuck                   0.0  per fight        0.0
  lead_branch           874,078.0  per fight       72.8
  lead_clean             25,427.0  per fight        2.1
  lead_prefix_steps    1,444,427.0  per fight      120.4
  lead_first_unclean      274,860.0  per fight       22.9
  cy_step          189,947,933,094.0  per fight 15828994.4
  cy_legal         16,786,032,966.0  per fight  1398836.1
  cy_obs           207,001,216,146.0  per fight 17250101.3
  cy_fork          13,381,897,083.0  per fight  1115158.1
  cy_main          4,554,523,196.0  per fight   379543.6
  cy_endturn       105,819,042,424.0  per fight  8818253.5
  n_endturn           7,047,961.0  per fight      587.3
  cycles                 14,443.0  per fight        1.2
  rows_per_cycle          1,170.4  per fight        0.1

thread 'sts2-search-2' (42134) panicked at crates/sts2sim/src/engine/play.rs:317:44:
index out of bounds: the len is 5 but the index is 5
stack backtrace:
   0: __rustc::rust_begin_unwind
   1: core::panicking::panic_fmt
   2: core::panicking::panic_bounds_check
   3: <sts2sim::state::Combat>::run_play_at
   4: <sts2sim::state::Combat>::begin_play
   5: <sts2sim::state::Combat>::auto_play
   6: <sts2sim::content::cards::defect_attacks::Uproar as sts2sim::hooks::Listener>::on_play
   7: <sts2sim::state::Combat>::run_play_at
   8: <sts2sim::state::Combat>::begin_play
   9: <sts2sim::state::Combat>::auto_play
  10: <sts2sim::content::cards::defect_attacks::Uproar as sts2sim::hooks::Listener>::on_play
  11: <sts2sim::state::Combat>::run_play_at
  12: <sts2sim::state::Combat>::begin_play
  13: <sts2sim::state::Combat>::auto_play
  14: <sts2sim::content::cards::defect_attacks::Uproar as sts2sim::hooks::Listener>::on_play
  15: <sts2sim::state::Combat>::run_play_at
  16: <sts2sim::state::Combat>::begin_play
  17: <sts2sim::state::Combat>::auto_play
  18: <sts2sim::content::cards::defect_attacks::Uproar as sts2sim::hooks::Listener>::on_play
  19: <sts2sim::state::Combat>::run_play_at
  20: <sts2sim::state::Combat>::begin_play
  21: <sts2sim::state::Combat>::auto_play
  22: <sts2sim::content::cards::defect_attacks::Uproar as sts2sim::hooks::Listener>::on_play
  23: <sts2sim::state::Combat>::run_play_at
  24: <sts2sim::state::Combat>::begin_play
  25: <sts2sim::state::Combat>::auto_play
  26: <sts2sim::content::cards::defect_attacks::Uproar as sts2sim::hooks::Listener>::on_play
  27: <sts2sim::state::Combat>::run_play_at
  28: <sts2sim::state::Combat>::begin_play
  29: <sts2sim::state::Combat>::auto_play
  30: <sts2sim::content::cards::defect_attacks::Uproar as sts2sim::hooks::Listener>::on_play
  31: <sts2sim::state::Combat>::run_play_at
  32: <sts2sim::state::Combat>::begin_play
  33: <sts2sim::state::Combat>::auto_play
  34: <sts2sim::content::cards::defect_attacks::Uproar as sts2sim::hooks::Listener>::on_play
  35: <sts2sim::state::Combat>::run_play_at
  36: <sts2sim::state::Combat>::begin_play
  37: <sts2sim::state::Combat>::step_inner
  38: <sts2sim::state::Combat>::step
  39: sts2env::search::sim_run
  40: <sts2env::search::Block>::lead_run
  41: <sts2env::search::Block>::advance
  42: rayon::iter::plumbing::bridge_producer_consumer::helper::<rayon::slice::IterMutProducer<sts2env::search::Block>, rayon::iter::for_each::ForEachConsumer<<sts2env::search::SearchEngine>::advance::{closure#0}::{closure#0}>>
  43: rayon_core::join::join_context::<rayon::iter::plumbing::bridge_producer_consumer::helper<rayon::slice::IterMutProducer<sts2env::search::Block>, rayon::iter::for_each::ForEachConsumer<<sts2env::search::SearchEngine>::advance::{closure#0}::{closure#0}>>::{closure#0}, rayon::iter::plumbing::bridge_producer_consumer::helper<rayon::slice::IterMutProducer<sts2env::search::Block>, rayon::iter::for_each::ForEachConsumer<<sts2env::search::SearchEngine>::advance::{closure#0}::{closure#0}>>::{closure#1}, (), ()>::{closure#0}
  44: rayon::iter::plumbing::bridge_producer_consumer::helper::<rayon::slice::IterMutProducer<sts2env::search::Block>, rayon::iter::for_each::ForEachConsumer<<sts2env::search::SearchEngine>::advance::{closure#0}::{closure#0}>>
  45: rayon_core::join::join_context::<rayon::iter::plumbing::bridge_producer_consumer::helper<rayon::slice::IterMutProducer<sts2env::search::Block>, rayon::iter::for_each::ForEachConsumer<<sts2env::search::SearchEngine>::advance::{closure#0}::{closure#0}>>::{closure#0}, rayon::iter::plumbing::bridge_producer_consumer::helper<rayon::slice::IterMutProducer<sts2env::search::Block>, rayon::iter::for_each::ForEachConsumer<<sts2env::search::SearchEngine>::advance::{closure#0}::{closure#0}>>::{closure#1}, (), ()>::{closure#0}
  46: rayon::iter::plumbing::bridge_producer_consumer::helper::<rayon::slice::IterMutProducer<sts2env::search::Block>, rayon::iter::for_each::ForEachConsumer<<sts2env::search::SearchEngine>::advance::{closure#0}::{closure#0}>>
  47: rayon_core::join::join_context::<rayon::iter::plumbing::bridge_producer_consumer::helper<rayon::slice::IterMutProducer<sts2env::search::Block>, rayon::iter::for_each::ForEachConsumer<<sts2env::search::SearchEngine>::advance::{closure#0}::{closure#0}>>::{closure#0}, rayon::iter::plumbing::bridge_producer_consumer::helper<rayon::slice::IterMutProducer<sts2env::search::Block>, rayon::iter::for_each::ForEachConsumer<<sts2env::search::SearchEngine>::advance::{closure#0}::{closure#0}>>::{closure#1}, (), ()>::{closure#0}
  48: rayon::iter::plumbing::bridge_producer_consumer::helper::<rayon::slice::IterMutProducer<sts2env::search::Block>, rayon::iter::for_each::ForEachConsumer<<sts2env::search::SearchEngine>::advance::{closure#0}::{closure#0}>>
  49: rayon_core::join::join_context::<rayon::iter::plumbing::bridge_producer_consumer::helper<rayon::slice::IterMutProducer<sts2env::search::Block>, rayon::iter::for_each::ForEachConsumer<<sts2env::search::SearchEngine>::advance::{closure#0}::{closure#0}>>::{closure#0}, rayon::iter::plumbing::bridge_producer_consumer::helper<rayon::slice::IterMutProducer<sts2env::search::Block>, rayon::iter::for_each::ForEachConsumer<<sts2env::search::SearchEngine>::advance::{closure#0}::{closure#0}>>::{closure#1}, (), ()>::{closure#0}
  50: rayon::iter::plumbing::bridge_producer_consumer::helper::<rayon::slice::IterMutProducer<sts2env::search::Block>, rayon::iter::for_each::ForEachConsumer<<sts2env::search::SearchEngine>::advance::{closure#0}::{closure#0}>>
  51: <rayon_core::job::StackJob<rayon_core::latch::SpinLatch, rayon_core::join::join_context::call_b<(), rayon::iter::plumbing::bridge_producer_consumer::helper<rayon::slice::IterMutProducer<sts2env::search::Block>, rayon::iter::for_each::ForEachConsumer<<sts2env::search::SearchEngine>::advance::{closure#0}::{closure#0}>>::{closure#1}>::{closure#0}, ()> as rayon_core::job::Job>::execute
  52: <rayon_core::registry::WorkerThread>::wait_until_cold
note: Some details are omitted, run with `RUST_BACKTRACE=full` for a verbose backtrace.
bash: line 1: 41911 Aborted                 (core dumped) .venv/bin/python rl/bench_fast.py --n 1500 --attempts 8 --amp --record --seed $i

thread 'sts2-search-4' (42379) panicked at crates/sts2sim/src/engine/play.rs:317:44:
index out of bounds: the len is 5 but the index is 5
stack backtrace:
   0: __rustc::rust_begin_unwind
   1: core::panicking::panic_fmt
   2: core::panicking::panic_bounds_check
   3: <sts2sim::state::Combat>::run_play_at
   4: <sts2sim::state::Combat>::begin_play
   5: <sts2sim::state::Combat>::auto_play
   6: <sts2sim::content::cards::defect_attacks::Uproar as sts2sim::hooks::Listener>::on_play
   7: <sts2sim::state::Combat>::run_play_at
   8: <sts2sim::state::Combat>::begin_play
   9: <sts2sim::state::Combat>::auto_play
  10: <sts2sim::content::cards::defect_attacks::Uproar as sts2sim::hooks::Listener>::on_play
  11: <sts2sim::state::Combat>::run_play_at
  12: <sts2sim::state::Combat>::begin_play
  13: <sts2sim::state::Combat>::auto_play
  14: <sts2sim::content::cards::defect_attacks::Uproar as sts2sim::hooks::Listener>::on_play
  15: <sts2sim::state::Combat>::run_play_at
  16: <sts2sim::state::Combat>::begin_play
  17: <sts2sim::state::Combat>::auto_play
  18: <sts2sim::content::cards::defect_attacks::Uproar as sts2sim::hooks::Listener>::on_play
  19: <sts2sim::state::Combat>::run_play_at
  20: <sts2sim::state::Combat>::begin_play
  21: <sts2sim::state::Combat>::auto_play
  22: <sts2sim::content::cards::defect_attacks::Uproar as sts2sim::hooks::Listener>::on_play
  23: <sts2sim::state::Combat>::run_play_at
  24: <sts2sim::state::Combat>::begin_play
  25: <sts2sim::state::Combat>::auto_play
  26: <sts2sim::content::cards::defect_attacks::Uproar as sts2sim::hooks::Listener>::on_play
  27: <sts2sim::state::Combat>::run_play_at
  28: <sts2sim::state::Combat>::begin_play
  29: <sts2sim::state::Combat>::auto_play
  30: <sts2sim::content::cards::defect_attacks::Uproar as sts2sim::hooks::Listener>::on_play
  31: <sts2sim::state::Combat>::run_play_at
  32: <sts2sim::state::Combat>::begin_play
  33: <sts2sim::state::Combat>::step_inner
  34: <sts2sim::state::Combat>::step
  35: sts2env::search::sim_run
  36: <sts2env::search::Block>::advance
  37: rayon::iter::plumbing::bridge_producer_consumer::helper::<rayon::slice::IterMutProducer<sts2env::search::Block>, rayon::iter::for_each::ForEachConsumer<<sts2env::search::SearchEngine>::advance::{closure#0}::{closure#0}>>
  38: rayon_core::join::join_context::<rayon::iter::plumbing::bridge_producer_consumer::helper<rayon::slice::IterMutProducer<sts2env::search::Block>, rayon::iter::for_each::ForEachConsumer<<sts2env::search::SearchEngine>::advance::{closure#0}::{closure#0}>>::{closure#0}, rayon::iter::plumbing::bridge_producer_consumer::helper<rayon::slice::IterMutProducer<sts2env::search::Block>, rayon::iter::for_each::ForEachConsumer<<sts2env::search::SearchEngine>::advance::{closure#0}::{closure#0}>>::{closure#1}, (), ()>::{closure#0}
  39: rayon::iter::plumbing::bridge_producer_consumer::helper::<rayon::slice::IterMutProducer<sts2env::search::Block>, rayon::iter::for_each::ForEachConsumer<<sts2env::search::SearchEngine>::advance::{closure#0}::{closure#0}>>
  40: <rayon_core::job::StackJob<rayon_core::latch::SpinLatch, rayon_core::join::join_context::call_b<(), rayon::iter::plumbing::bridge_producer_consumer::helper<rayon::slice::IterMutProducer<sts2env::search::Block>, rayon::iter::for_each::ForEachConsumer<<sts2env::search::SearchEngine>::advance::{closure#0}::{closure#0}>>::{closure#1}>::{closure#0}, ()> as rayon_core::job::Job>::execute
  41: <rayon_core::registry::WorkerThread>::wait_until_cold
  42: rayon_core::join::join_context::<rayon::iter::plumbing::bridge_producer_consumer::helper<rayon::slice::IterMutProducer<sts2env::search::Block>, rayon::iter::for_each::ForEachConsumer<<sts2env::search::SearchEngine>::advance::{closure#0}::{closure#0}>>::{closure#0}, rayon::iter::plumbing::bridge_producer_consumer::helper<rayon::slice::IterMutProducer<sts2env::search::Block>, rayon::iter::for_each::ForEachConsumer<<sts2env::search::SearchEngine>::advance::{closure#0}::{closure#0}>>::{closure#1}, (), ()>::{closure#0}
  43: rayon::iter::plumbing::bridge_producer_consumer::helper::<rayon::slice::IterMutProducer<sts2env::search::Block>, rayon::iter::for_each::ForEachConsumer<<sts2env::search::SearchEngine>::advance::{closure#0}::{closure#0}>>
  44: <rayon_core::job::StackJob<rayon_core::latch::SpinLatch, rayon_core::join::join_context::call_b<(), rayon::iter::plumbing::bridge_producer_consumer::helper<rayon::slice::IterMutProducer<sts2env::search::Block>, rayon::iter::for_each::ForEachConsumer<<sts2env::search::SearchEngine>::advance::{closure#0}::{closure#0}>>::{closure#1}>::{closure#0}, ()> as rayon_core::job::Job>::execute
  45: <rayon_core::registry::WorkerThread>::wait_until_cold
note: Some details are omitted, run with `RUST_BACKTRACE=full` for a verbose backtrace.
bash: line 1: 42154 Aborted                 (core dumped) .venv/bin/python rl/bench_fast.py --n 1500 --attempts 8 --amp --record --seed $i
