rows 15214
1024 b128/fp32 pol 1.29ms  b128/fp32 val 1.11ms  b128/bf16 pol 1.22ms  b128/bf16 val 1.06ms  a64/fp32 pol 1.07ms  a64/fp32 val 0.97ms  a64/bf16 pol 1.03ms  a64/bf16 val 0.91ms
2048 b128/fp32 pol 1.70ms  b128/fp32 val 1.44ms  b128/bf16 pol 1.51ms  b128/bf16 val 1.30ms  a64/fp32 pol 1.31ms  a64/fp32 val 1.16ms  a64/bf16 pol 1.27ms  a64/bf16 val 1.12ms
4096 b128/fp32 pol 2.81ms  b128/fp32 val 2.31ms  b128/bf16 pol 2.25ms  b128/bf16 val 1.92ms  a64/fp32 pol 1.93ms  a64/fp32 val 1.70ms  a64/bf16 pol 1.79ms  a64/bf16 val 1.59ms
8192 b128/fp32 pol 6.07ms  b128/fp32 val 4.96ms  b128/bf16 pol 4.12ms  b128/bf16 val 3.47ms  a64/fp32 pol 3.77ms  a64/fp32 val 3.25ms  a64/bf16 pol 3.04ms  a64/bf16 val 2.70ms
default dynamic B=1024: pol 0.62 ms  val 0.44 ms   (elapsed incl. compile 37s)
default dynamic B=2048: pol 0.86 ms  val 0.58 ms   (elapsed incl. compile 37s)
default dynamic B=4096: pol 1.41 ms  val 0.93 ms   (elapsed incl. compile 38s)
default dynamic B=8192: pol 2.58 ms  val 1.70 ms   (elapsed incl. compile 39s)
  mm 0.0164 ms 81.2% 
  mm 0.0102 ms 100.0% 
  mm 0.0082 ms 100.0% 
  mm 0.0051 ms 83.8% 
  mm 0.0072 ms 85.7% 
  mm 0.0082 ms 87.5% 
  mm 0.0122 ms 75.6% 
  mm 0.0061 ms 83.8% 
  mm 0.0072 ms 85.7% 
  bias_addmm 0.0082 ms 75.0% 
  bias_addmm 0.0092 ms 100.0% 
  bias_addmm 0.0164 ms 81.2% 
  bias_addmm 0.0072 ms 100.0% 
  bias_addmm 0.0061 ms 83.3% 
  bias_addmm 0.0113 ms 81.8% 
  bmm 0.0143 ms 86.1% 
  mm 0.0081 ms 75.9% 
max-autotune-no-cudagraphs dynamic B=1024: pol 0.51 ms  val 0.37 ms   (elapsed incl. compile 118s)
max-autotune-no-cudagraphs dynamic B=2048: pol 0.77 ms  val 0.52 ms   (elapsed incl. compile 119s)
max-autotune-no-cudagraphs dynamic B=4096: pol 1.24 ms  val 0.85 ms   (elapsed incl. compile 120s)
max-autotune-no-cudagraphs dynamic B=8192: pol 2.33 ms  val 1.59 ms   (elapsed incl. compile 121s)
